
Allocating common symbols
Common symbol       size              file

krnl_tcb            0x11d0            condvar.o
last_free           0x4               eth_enc28j60.o
krnl_heap           0x7a120           condvar.o
krnl_current_task   0x2               condvar.o
krnl_pl_queue       0x4               condvar.o
krnl_task           0x4               condvar.o
krnl_event_queue    0x4               condvar.o
first_free          0x4               eth_enc28j60.o
krnl_tasks          0x2               condvar.o
krnl_pcb            0x18              condvar.o
krnl_free           0x4               condvar.o
krnl_run_queue      0x4               condvar.o
krnl_rt_queue       0x4               condvar.o
krnl_schedule       0x2               condvar.o
krnl_delay_queue    0x4               condvar.o

Discarded input sections

 .text          0x0000000000000000        0x0 condvar.o
 .data          0x0000000000000000        0x0 condvar.o
 .bss           0x0000000000000000        0x0 condvar.o
 .pdr           0x0000000000000000       0xa0 condvar.o
 .text.hf_condinit
                0x0000000000000000       0x68 condvar.o
 .text.hf_conddestroy
                0x0000000000000000       0x64 condvar.o
 .text.hf_condwait
                0x0000000000000000       0xac condvar.o
 .text.hf_condsignal
                0x0000000000000000       0x50 condvar.o
 .text.hf_condbroadcast
                0x0000000000000000       0x78 condvar.o
 .text          0x0000000000000000        0x0 crc.o
 .data          0x0000000000000000        0x0 crc.o
 .bss           0x0000000000000000        0x0 crc.o
 .reginfo       0x0000000000000000       0x18 crc.o
 .MIPS.abiflags
                0x0000000000000000       0x18 crc.o
 .pdr           0x0000000000000000       0x60 crc.o
 .mdebug.abi32  0x0000000000000000        0x0 crc.o
 .text.crc16    0x0000000000000000       0x64 crc.o
 .text.crc32    0x0000000000000000       0x50 crc.o
 .text.crc64    0x0000000000000000       0x74 crc.o
 .comment       0x0000000000000000       0x12 crc.o
 .gnu.attributes
                0x0000000000000000       0x10 crc.o
 .data          0x0000000000000000        0x0 crt0.o
 .bss           0x0000000000000000        0x0 crt0.o
 .reginfo       0x0000000000000000       0x18 crt0.o
 .MIPS.abiflags
                0x0000000000000000       0x18 crt0.o
 .pdr           0x0000000000000000       0xc0 crt0.o
 .text          0x0000000000000000        0x0 eth_enc28j60.o
 .data          0x0000000000000000        0x0 eth_enc28j60.o
 .bss           0x0000000000000000        0x0 eth_enc28j60.o
 .reginfo       0x0000000000000000       0x18 eth_enc28j60.o
 .MIPS.abiflags
                0x0000000000000000       0x18 eth_enc28j60.o
 .text          0x0000000000000000        0x0 hal.o
 .data          0x0000000000000000        0x0 hal.o
 .bss           0x0000000000000000        0x0 hal.o
 .reginfo       0x0000000000000000       0x18 hal.o
 .MIPS.abiflags
                0x0000000000000000       0x18 hal.o
 .pdr           0x0000000000000000      0x320 hal.o
 .text.kbhit    0x0000000000000000       0x10 hal.o
 .text.getchar  0x0000000000000000       0x20 hal.o
 .text.delay_us
                0x0000000000000000      0x124 hal.o
 .text.led_set  0x0000000000000000        0x8 hal.o
 .text.button_get
                0x0000000000000000        0x8 hal.o
 .text.switch_get
                0x0000000000000000        0x8 hal.o
 .text._get_task_tp
                0x0000000000000000       0x2c hal.o
 .text._readcounter
                0x0000000000000000       0x10 hal.o
 .text          0x0000000000000000        0x0 interrupt.o
 .data          0x0000000000000000        0x0 interrupt.o
 .bss           0x0000000000000000        0x0 interrupt.o
 .reginfo       0x0000000000000000       0x18 interrupt.o
 .MIPS.abiflags
                0x0000000000000000       0x18 interrupt.o
 .pdr           0x0000000000000000       0xa0 interrupt.o
 .text._irq_mask_set
                0x0000000000000000       0x18 interrupt.o
 .text._irq_mask_clr
                0x0000000000000000       0x1c interrupt.o
 .text._exception_handler
                0x0000000000000000        0x8 interrupt.o
 .text          0x0000000000000000        0x0 kprintf.o
 .data          0x0000000000000000        0x0 kprintf.o
 .bss           0x0000000000000000        0x0 kprintf.o
 .reginfo       0x0000000000000000       0x18 kprintf.o
 .MIPS.abiflags
                0x0000000000000000       0x18 kprintf.o
 .pdr           0x0000000000000000       0x60 kprintf.o
 .text          0x0000000000000000        0x0 libc.o
 .data          0x0000000000000000        0x0 libc.o
 .bss           0x0000000000000000        0x0 libc.o
 .reginfo       0x0000000000000000       0x18 libc.o
 .MIPS.abiflags
                0x0000000000000000       0x18 libc.o
 .pdr           0x0000000000000000      0x8a0 libc.o
 .text.strcpy   0x0000000000000000       0x24 libc.o
 .text.strcat   0x0000000000000000       0x48 libc.o
 .text.strncat  0x0000000000000000       0x64 libc.o
 .text.strcmp   0x0000000000000000       0x30 libc.o
 .text.strncmp  0x0000000000000000       0x38 libc.o
 .text.strstr   0x0000000000000000       0x78 libc.o
 .text.strlen   0x0000000000000000       0x34 libc.o
 .text.strchr   0x0000000000000000       0x30 libc.o
 .text.strpbrk  0x0000000000000000       0x5c libc.o
 .text.strsep   0x0000000000000000       0x78 libc.o
 .text.strtok   0x0000000000000000       0xb8 libc.o
 .text.memcpy   0x0000000000000000       0x2c libc.o
 .text.memmove  0x0000000000000000       0x60 libc.o
 .text.memcmp   0x0000000000000000       0x54 libc.o
 .text.strtol   0x0000000000000000      0x110 libc.o
 .text.atoi     0x0000000000000000       0xb0 libc.o
 .text.atof     0x0000000000000000      0x1d4 libc.o
 .text.itoa     0x0000000000000000       0x50 libc.o
 .text.puts     0x0000000000000000       0x4c libc.o
 .text.gets     0x0000000000000000       0x74 libc.o
 .text.abs      0x0000000000000000       0x10 libc.o
 .text.random   0x0000000000000000       0x54 libc.o
 .text.srand    0x0000000000000000        0xc libc.o
 .text.hexdump  0x0000000000000000      0x144 libc.o
 .text.sprintf  0x0000000000000000       0x34 libc.o
 .text.malloc   0x0000000000000000        0x8 libc.o
 .text.free     0x0000000000000000        0x8 libc.o
 .text.calloc   0x0000000000000000        0x8 libc.o
 .text.realloc  0x0000000000000000        0x8 libc.o
 .text.__muldsi3
                0x0000000000000000       0xc4 libc.o
 .text.__muldi3
                0x0000000000000000       0xac libc.o
 .text.__ashldi3
                0x0000000000000000       0x3c libc.o
 .text.__ashrdi3
                0x0000000000000000       0x44 libc.o
 .text.__lshrdi3
                0x0000000000000000       0x3c libc.o
 .text.__udivmoddi4
                0x0000000000000000       0x3c libc.o
 .text.__umoddi3
                0x0000000000000000       0x30 libc.o
 .text.__moddi3
                0x0000000000000000       0xac libc.o
 .text.__divdi3
                0x0000000000000000       0xe8 libc.o
 .text.__lesf2  0x0000000000000000       0x20 libc.o
 .text.__gtsf2  0x0000000000000000       0x20 libc.o
 .text.__gesf2  0x0000000000000000       0x20 libc.o
 .text.__eqsf2  0x0000000000000000        0xc libc.o
 .text.__nesf2  0x0000000000000000        0xc libc.o
 .text.__divsf3
                0x0000000000000000       0xdc libc.o
 .text.__negsf2
                0x0000000000000000       0x18 libc.o
 .text.__fixunssfsi
                0x0000000000000000       0x50 libc.o
 .text.__floatunsisf
                0x0000000000000000       0x84 libc.o
 .bss.last.1247
                0x0000000000000000        0x4 libc.o
 .data.rand1    0x0000000000000000        0x4 libc.o
 .text          0x0000000000000000        0x0 list.o
 .data          0x0000000000000000        0x0 list.o
 .bss           0x0000000000000000        0x0 list.o
 .reginfo       0x0000000000000000       0x18 list.o
 .MIPS.abiflags
                0x0000000000000000       0x18 list.o
 .pdr           0x0000000000000000       0xe0 list.o
 .mdebug.abi32  0x0000000000000000        0x0 list.o
 .text.hf_list_init
                0x0000000000000000       0x2c list.o
 .text.hf_list_append
                0x0000000000000000       0x68 list.o
 .text.hf_list_insert
                0x0000000000000000       0x90 list.o
 .text.hf_list_remove
                0x0000000000000000       0x58 list.o
 .text.hf_list_get
                0x0000000000000000       0x30 list.o
 .text.hf_list_set
                0x0000000000000000       0x34 list.o
 .text.hf_list_count
                0x0000000000000000       0x20 list.o
 .comment       0x0000000000000000       0x12 list.o
 .gnu.attributes
                0x0000000000000000       0x10 list.o
 .scommon       0x0000000000000000        0x0 list.o
 .text          0x0000000000000000        0x0 main.o
 .data          0x0000000000000000        0x0 main.o
 .bss           0x0000000000000000        0x0 main.o
 .reginfo       0x0000000000000000       0x18 main.o
 .MIPS.abiflags
                0x0000000000000000       0x18 main.o
 .pdr           0x0000000000000000       0x40 main.o
 .text          0x0000000000000000        0x0 malloc.o
 .data          0x0000000000000000        0x0 malloc.o
 .bss           0x0000000000000000        0x0 malloc.o
 .reginfo       0x0000000000000000       0x18 malloc.o
 .MIPS.abiflags
                0x0000000000000000       0x18 malloc.o
 .pdr           0x0000000000000000       0xa0 malloc.o
 .text.hf_calloc
                0x0000000000000000       0x50 malloc.o
 .text.hf_realloc
                0x0000000000000000       0x9c malloc.o
 .text          0x0000000000000000        0x0 math.o
 .data          0x0000000000000000        0x0 math.o
 .bss           0x0000000000000000        0x0 math.o
 .reginfo       0x0000000000000000       0x18 math.o
 .MIPS.abiflags
                0x0000000000000000       0x18 math.o
 .pdr           0x0000000000000000      0x320 math.o
 .mdebug.abi32  0x0000000000000000        0x0 math.o
 .text.xatan    0x0000000000000000      0x150 math.o
 .text.satan    0x0000000000000000       0xf4 math.o
 .text.frexp.part.1
                0x0000000000000000       0x3c math.o
 .text.fabs     0x0000000000000000       0x3c math.o
 .text.frexp    0x0000000000000000       0x58 math.o
 .text.ldexp    0x0000000000000000      0x1a0 math.o
 .text.modf     0x0000000000000000       0xb8 math.o
 .text.sinus    0x0000000000000000      0x244 math.o
 .text.floor    0x0000000000000000       0xa0 math.o
 .text.ceil     0x0000000000000000       0x2c math.o
 .text.sqrt     0x0000000000000000      0x22c math.o
 .text.exp      0x0000000000000000      0x20c math.o
 .text.log      0x0000000000000000      0x244 math.o
 .text.log10    0x0000000000000000       0x2c math.o
 .text.pow      0x0000000000000000      0x10c math.o
 .text.cos      0x0000000000000000       0x3c math.o
 .text.sin      0x0000000000000000        0x8 math.o
 .text.tan      0x0000000000000000      0x238 math.o
 .text.atan     0x0000000000000000       0x5c math.o
 .text.atan2    0x0000000000000000      0x164 math.o
 .text.asin     0x0000000000000000      0x128 math.o
 .text.acos     0x0000000000000000       0x8c math.o
 .text.sinh     0x0000000000000000      0x220 math.o
 .text.cosh     0x0000000000000000       0xb8 math.o
 .text.tanh     0x0000000000000000       0x9c math.o
 .rodata.cst4   0x0000000000000000      0x124 math.o
 .comment       0x0000000000000000       0x12 math.o
 .gnu.attributes
                0x0000000000000000       0x10 math.o
 .text          0x0000000000000000        0x0 mutex.o
 .data          0x0000000000000000        0x0 mutex.o
 .bss           0x0000000000000000        0x0 mutex.o
 .reginfo       0x0000000000000000       0x18 mutex.o
 .MIPS.abiflags
                0x0000000000000000       0x18 mutex.o
 .pdr           0x0000000000000000       0x60 mutex.o
 .text          0x0000000000000000        0x0 panic.o
 .data          0x0000000000000000        0x0 panic.o
 .bss           0x0000000000000000        0x0 panic.o
 .reginfo       0x0000000000000000       0x18 panic.o
 .MIPS.abiflags
                0x0000000000000000       0x18 panic.o
 .pdr           0x0000000000000000       0x20 panic.o
 .text          0x0000000000000000        0x0 processor.o
 .data          0x0000000000000000        0x0 processor.o
 .bss           0x0000000000000000        0x0 processor.o
 .reginfo       0x0000000000000000       0x18 processor.o
 .MIPS.abiflags
                0x0000000000000000       0x18 processor.o
 .pdr           0x0000000000000000       0xa0 processor.o
 .text.hf_freecpu
                0x0000000000000000       0xb4 processor.o
 .text.hf_cpuload
                0x0000000000000000      0x104 processor.o
 .text.hf_freemem
                0x0000000000000000       0x34 processor.o
 .text          0x0000000000000000        0x0 queue.o
 .data          0x0000000000000000        0x0 queue.o
 .bss           0x0000000000000000        0x0 queue.o
 .reginfo       0x0000000000000000       0x18 queue.o
 .MIPS.abiflags
                0x0000000000000000       0x18 queue.o
 .pdr           0x0000000000000000      0x120 queue.o
 .text.hf_queue_destroy
                0x0000000000000000       0x50 queue.o
 .text.hf_queue_remtail
                0x0000000000000000       0x74 queue.o
 .text.hf_queue_set
                0x0000000000000000       0x80 queue.o
 .text          0x0000000000000000        0x0 sched_test2.o
 .data          0x0000000000000000        0x0 sched_test2.o
 .bss           0x0000000000000000        0x0 sched_test2.o
 .reginfo       0x0000000000000000       0x18 sched_test2.o
 .MIPS.abiflags
                0x0000000000000000       0x18 sched_test2.o
 .pdr           0x0000000000000000       0xa0 sched_test2.o
 .text          0x0000000000000000        0x0 scheduler.o
 .data          0x0000000000000000        0x0 scheduler.o
 .bss           0x0000000000000000        0x0 scheduler.o
 .reginfo       0x0000000000000000       0x18 scheduler.o
 .MIPS.abiflags
                0x0000000000000000       0x18 scheduler.o
 .pdr           0x0000000000000000       0xc0 scheduler.o
 .text.sched_rr
                0x0000000000000000       0x74 scheduler.o
 .text.sched_lottery
                0x0000000000000000       0xc8 scheduler.o
 .text          0x0000000000000000        0x0 semaphore.o
 .data          0x0000000000000000        0x0 semaphore.o
 .bss           0x0000000000000000        0x0 semaphore.o
 .reginfo       0x0000000000000000       0x18 semaphore.o
 .MIPS.abiflags
                0x0000000000000000       0x18 semaphore.o
 .pdr           0x0000000000000000       0x80 semaphore.o
 .mdebug.abi32  0x0000000000000000        0x0 semaphore.o
 .text.hf_seminit
                0x0000000000000000       0x84 semaphore.o
 .text.hf_semdestroy
                0x0000000000000000       0x64 semaphore.o
 .text.hf_semwait
                0x0000000000000000       0xc0 semaphore.o
 .text.hf_sempost
                0x0000000000000000       0x94 semaphore.o
 .comment       0x0000000000000000       0x12 semaphore.o
 .gnu.attributes
                0x0000000000000000       0x10 semaphore.o
 .scommon       0x0000000000000000        0x0 semaphore.o
 .text          0x0000000000000000        0x0 task.o
 .data          0x0000000000000000        0x0 task.o
 .bss           0x0000000000000000        0x0 task.o
 .reginfo       0x0000000000000000       0x18 task.o
 .MIPS.abiflags
                0x0000000000000000       0x18 task.o
 .pdr           0x0000000000000000      0x1e0 task.o
 .text.hf_id    0x0000000000000000       0xc8 task.o
 .text.hf_name  0x0000000000000000       0x7c task.o
 .text.hf_state
                0x0000000000000000       0x74 task.o
 .text.hf_priorityset
                0x0000000000000000       0x94 task.o
 .text.hf_priorityget
                0x0000000000000000       0x80 task.o
 .text.hf_block
                0x0000000000000000      0x16c task.o
 .text.hf_resume
                0x0000000000000000      0x170 task.o
 .text.hf_kill  0x0000000000000000      0x370 task.o
 .text.hf_delay
                0x0000000000000000      0x304 task.o

Memory Configuration

Name             Origin             Length             Attributes
rom              0x0000000000000000 0x0000000010000000
ram              0x0000000040000000 0x0000000010000000
ram_top          0x000000004ffffc00 0x0000000000000400
*default*        0x0000000000000000 0xffffffffffffffff

Linker script and memory map

                0x000000004ffffffc                _stack = 0x4ffffffc
                0x0000000000000000                . = 0x0

.text           0x0000000040000000     0x3a14
 *(.text.init)
                0x0000000040000000                _text = .
 *(.text)
 .text          0x0000000040000000      0x2e4 crt0.o
                0x0000000040000000                _entry
                0x0000000040000100                _isr
                0x0000000040000208                _interrupt_set
                0x0000000040000220                setjmp
                0x000000004000025c                longjmp
                0x0000000040000298                _restoreexec
 *(.text.*)
 .text.putchar  0x00000000400002e4       0x20 hal.o
                0x00000000400002e4                putchar
 .text.dputchar
                0x0000000040000304       0x10 hal.o
                0x0000000040000304                dputchar
 .text.delay_ms
                0x0000000040000314      0x124 hal.o
                0x0000000040000314                delay_ms
 .text._hardware_init
                0x0000000040000438        0x8 hal.o
                0x0000000040000438                _hardware_init
 .text._vm_init
                0x0000000040000440       0x30 hal.o
                0x0000000040000440                _vm_init
 .text._sched_init
                0x0000000040000470        0xc hal.o
                0x0000000040000470                _sched_init
 .text._timer_init
                0x000000004000047c       0x50 hal.o
                0x000000004000047c                _timer_init
 .text._irq_init
                0x00000000400004cc        0xc hal.o
                0x00000000400004cc                _irq_init
 .text._device_init
                0x00000000400004d8        0xc hal.o
                0x00000000400004d8                _device_init
 .text._task_init
                0x00000000400004e4        0xc hal.o
                0x00000000400004e4                _task_init
 .text._set_task_sp
                0x00000000400004f0       0x2c hal.o
                0x00000000400004f0                _set_task_sp
 .text._get_task_sp
                0x000000004000051c       0x2c hal.o
                0x000000004000051c                _get_task_sp
 .text._set_task_tp
                0x0000000040000548       0x2c hal.o
                0x0000000040000548                _set_task_tp
 .text._cpu_idle
                0x0000000040000574        0x8 hal.o
                0x0000000040000574                _cpu_idle
 .text._read_us
                0x000000004000057c       0x90 hal.o
                0x000000004000057c                _read_us
 .text._timer_reset
                0x000000004000060c       0x4c hal.o
                0x000000004000060c                _timer_reset
 .text._panic   0x0000000040000658       0x10 hal.o
                0x0000000040000658                _panic
 .text._irq_register
                0x0000000040000668       0x38 interrupt.o
                0x0000000040000668                _irq_register
 .text._irq_handler
                0x00000000400006a0       0x90 interrupt.o
                0x00000000400006a0                _irq_handler
 .text.kitoa.part.0
                0x0000000040000730      0x198 kprintf.o
 .text.kprintf  0x00000000400008c8      0x1d8 kprintf.o
                0x00000000400008c8                kprintf
 .text.dprintf  0x0000000040000aa0      0x1f4 kprintf.o
                0x0000000040000aa0                dprintf
 .text.prints   0x0000000040000c94      0x1a8 libc.o
 .text.printi   0x0000000040000e3c      0x1ac libc.o
 .text.itoa.part.0
                0x0000000040000fe8       0xe4 libc.o
 .text.print    0x00000000400010cc      0x49c libc.o
 .text.__udivmoddi4.part.1
                0x0000000040001568       0xe8 libc.o
 .text.strncpy  0x0000000040001650       0x78 libc.o
                0x0000000040001650                strncpy
 .text.memset   0x00000000400016c8       0x28 libc.o
                0x00000000400016c8                memset
 .text.printf   0x00000000400016f0       0x3c libc.o
                0x00000000400016f0                printf
 .text.__mulsi3
                0x000000004000172c       0x28 libc.o
                0x000000004000172c                __mulsi3
 .text.__udivmodsi4
                0x0000000040001754       0x8c libc.o
                0x0000000040001754                __udivmodsi4
 .text.__divsi3
                0x00000000400017e0       0x78 libc.o
                0x00000000400017e0                __divsi3
 .text.__modsi3
                0x0000000040001858       0x88 libc.o
                0x0000000040001858                __modsi3
 .text.__udivsi3
                0x00000000400018e0        0x8 libc.o
                0x00000000400018e0                __udivsi3
 .text.__umodsi3
                0x00000000400018e8        0x8 libc.o
                0x00000000400018e8                __umodsi3
 .text.__udivdi3
                0x00000000400018f0       0x44 libc.o
                0x00000000400018f0                __udivdi3
 .text.__addsf3
                0x0000000040001934      0x150 libc.o
                0x0000000040001934                __addsf3
 .text.__subsf3
                0x0000000040001a84       0x30 libc.o
                0x0000000040001a84                __subsf3
 .text.__cmpsf2
                0x0000000040001ab4       0x48 libc.o
                0x0000000040001ab4                __cmpsf2
 .text.__ltsf2  0x0000000040001afc       0x20 libc.o
                0x0000000040001afc                __ltsf2
 .text.__mulsf3
                0x0000000040001b1c      0x12c libc.o
                0x0000000040001b1c                __mulsf3
 .text.__fixsfsi
                0x0000000040001c48       0x50 libc.o
                0x0000000040001c48                __fixsfsi
 .text.__floatsisf
                0x0000000040001c98       0x90 libc.o
                0x0000000040001c98                __floatsisf
 .text.idletask
                0x0000000040001d28       0x48 main.o
 .text.startup.main
                0x0000000040001d70      0x2e8 main.o
                0x0000000040001d70                main
 .text.hf_free  0x0000000040002058       0x6c malloc.o
                0x0000000040002058                hf_free
 .text.hf_malloc
                0x00000000400020c4      0x134 malloc.o
                0x00000000400020c4                hf_malloc
 .text.heapinit
                0x00000000400021f8       0x54 malloc.o
                0x00000000400021f8                heapinit
 .text.hf_mtxinit
                0x000000004000224c        0xc mutex.o
                0x000000004000224c                hf_mtxinit
 .text.hf_mtxlock
                0x0000000040002258       0x58 mutex.o
                0x0000000040002258                hf_mtxlock
 .text.hf_mtxunlock
                0x00000000400022b0        0xc mutex.o
                0x00000000400022b0                hf_mtxunlock
 .text.panic    0x00000000400022bc      0x228 panic.o
                0x00000000400022bc                panic
 .text.hf_schedlock
                0x00000000400024e4       0x58 processor.o
                0x00000000400024e4                hf_schedlock
 .text.hf_ticktime
                0x000000004000253c       0x34 processor.o
                0x000000004000253c                hf_ticktime
 .text.hf_queue_create
                0x0000000040002570       0x78 queue.o
                0x0000000040002570                hf_queue_create
 .text.hf_queue_count
                0x00000000400025e8        0x8 queue.o
                0x00000000400025e8                hf_queue_count
 .text.hf_queue_addtail
                0x00000000400025f0       0x90 queue.o
                0x00000000400025f0                hf_queue_addtail
 .text.hf_queue_remhead
                0x0000000040002680       0x74 queue.o
                0x0000000040002680                hf_queue_remhead
 .text.hf_queue_get
                0x00000000400026f4       0x70 queue.o
                0x00000000400026f4                hf_queue_get
 .text.hf_queue_swap
                0x0000000040002764       0xe0 queue.o
                0x0000000040002764                hf_queue_swap
 .text.task     0x0000000040002844       0x84 sched_test2.o
                0x0000000040002844                task
 .text.ap_task  0x00000000400028c8       0x8c sched_test2.o
                0x00000000400028c8                ap_task
 .text.polling_server
                0x0000000040002954      0x1ac sched_test2.o
                0x0000000040002954                polling_server
 .text.create_ap
                0x0000000040002b00       0x94 sched_test2.o
                0x0000000040002b00                create_ap
 .text.app_main
                0x0000000040002b94      0x134 sched_test2.o
                0x0000000040002b94                app_main
 .text.run_queue_next
                0x0000000040002cc8       0x70 scheduler.o
 .text.dispatch_isr
                0x0000000040002d38      0x298 scheduler.o
                0x0000000040002d38                dispatch_isr
 .text.sched_priorityrr
                0x0000000040002fd0      0x178 scheduler.o
                0x0000000040002fd0                sched_priorityrr
 .text.sched_rma
                0x0000000040003148      0x240 scheduler.o
                0x0000000040003148                sched_rma
 .text.hf_selfid
                0x0000000040003388       0x38 task.o
                0x0000000040003388                hf_selfid
 .text.hf_selfname
                0x00000000400033c0       0x38 task.o
                0x00000000400033c0                hf_selfname
 .text.hf_jobs  0x00000000400033f8       0x90 task.o
                0x00000000400033f8                hf_jobs
 .text.hf_dlm   0x0000000040003488       0x74 task.o
                0x0000000040003488                hf_dlm
 .text.hf_spawn
                0x00000000400034fc      0x334 task.o
                0x00000000400034fc                hf_spawn
 .text.hf_yield
                0x0000000040003830      0x1e4 task.o
                0x0000000040003830                hf_yield
                0x0000000040003a14                _etext = .

.rodata         0x0000000040003a14      0xa68
                0x0000000040003a14                _rodata = .
 *(.rodata)
 *(.rodata.*)
 .rodata.str1.4
                0x0000000040003a14       0x7b hal.o
 *fill*         0x0000000040003a8f        0x1 
 .rodata.str1.4
                0x0000000040003a90        0xa interrupt.o
 *fill*         0x0000000040003a9a        0x2 
 .rodata.str1.4
                0x0000000040003a9c       0x1f kprintf.o
 *fill*         0x0000000040003abb        0x1 
 .rodata.str1.4
                0x0000000040003abc       0x5b libc.o
                                         0x63 (size before relaxing)
 *fill*         0x0000000040003b17        0x1 
 .rodata.print  0x0000000040003b18      0x12c libc.o
 .rodata.cst4   0x0000000040003c44       0x14 libc.o
 .rodata.str1.4
                0x0000000040003c58      0x1b4 main.o
                                        0x1be (size before relaxing)
 .rodata.str1.4
                0x0000000040003e0c      0x1e0 panic.o
 .rodata.str1.4
                0x0000000040003fec       0x62 processor.o
 *fill*         0x000000004000404e        0x2 
 .rodata.str1.4
                0x0000000040004050      0x13c sched_test2.o
 .rodata.str1.4
                0x000000004000418c       0x21 scheduler.o
 *fill*         0x00000000400041ad        0x3 
 .rodata.str1.4
                0x00000000400041b0      0x2cc task.o
                                        0x2df (size before relaxing)
                0x000000004000447c                _erodata = .

.MIPS.abiflags  0x0000000040004480       0x18
 .MIPS.abiflags
                0x0000000040004480       0x18 condvar.o

.data           0x0000000040004498        0x8
                0x0000000040004498                _data = .
 *(.data)
 *(.data.*)
 .data.oops.1297
                0x0000000040004498        0x4 main.o
                0x000000004000c48c                _gp = (. + 0x7ff0)
 *(.sdata)
 *(.sdata.*)
                0x00000000400044a0                . = ALIGN (0x10)
 *fill*         0x000000004000449c        0x4 
                0x00000000400044a0                _edata = .

.bss            0x00000000400044a0    0x7b3c4
                0x00000000400044a0                _bss_start = .
 *(.sbss)
 *(.sbss.*)
 *(.bss)
 *(.bss.*)
 .bss.timeref.1502
                0x00000000400044a0        0x8 hal.o
 .bss.tval2.1503
                0x00000000400044a8        0x4 hal.o
 .bss.tref.1504
                0x00000000400044ac        0x4 hal.o
 .bss.lastcount.1491
                0x00000000400044b0        0x4 hal.o
 .bss.timecount.1490
                0x00000000400044b4        0x4 hal.o
 .bss.isr       0x00000000400044b8       0x80 interrupt.o
 .bss.buf.1129  0x0000000040004538       0x20 kprintf.o
 .bss.krnl_malloc
                0x0000000040004558        0x4 malloc.o
                0x000000004000455c                . = ALIGN (0x4)
                0x000000004000455c                _bss_end = .
 COMMON         0x000000004000455c    0x7b308 condvar.o
                0x000000004000455c                krnl_tcb
                0x000000004000572c                krnl_heap
                0x000000004007f84c                krnl_pcb
                0x000000004007f864                _end = .
LOAD condvar.o
LOAD crc.o
LOAD crt0.o
LOAD eth_enc28j60.o
LOAD hal.o
LOAD interrupt.o
LOAD kprintf.o
LOAD libc.o
LOAD list.o
LOAD main.o
LOAD malloc.o
LOAD math.o
LOAD mutex.o
LOAD panic.o
LOAD processor.o
LOAD queue.o
LOAD sched_test2.o
LOAD scheduler.o
LOAD semaphore.o
LOAD task.o
OUTPUT(image.elf elf32-bigmips)

.scommon        0x000000004007f864       0x30
 .scommon       0x000000004007f864       0x28 condvar.o
                0x000000004007f864                krnl_current_task
                0x000000004007f868                krnl_pl_queue
                0x000000004007f86c                krnl_task
                0x000000004007f870                krnl_event_queue
                0x000000004007f874                krnl_tasks
                0x000000004007f878                krnl_free
                0x000000004007f87c                krnl_run_queue
                0x000000004007f880                krnl_rt_queue
                0x000000004007f884                krnl_schedule
                0x000000004007f888                krnl_delay_queue
 .scommon       0x000000004007f88c        0x8 eth_enc28j60.o
                0x000000004007f88c                last_free
                0x000000004007f890                first_free

.reginfo        0x0000000000000000       0x18
 .reginfo       0x0000000000000000       0x18 condvar.o

.mdebug.abi32   0x0000000000000000        0x0
 .mdebug.abi32  0x0000000000000000        0x0 condvar.o
 .mdebug.abi32  0x0000000000000000        0x0 eth_enc28j60.o
 .mdebug.abi32  0x0000000000000000        0x0 hal.o
 .mdebug.abi32  0x0000000000000000        0x0 interrupt.o
 .mdebug.abi32  0x0000000000000000        0x0 kprintf.o
 .mdebug.abi32  0x0000000000000000        0x0 libc.o
 .mdebug.abi32  0x0000000000000000        0x0 main.o
 .mdebug.abi32  0x0000000000000000        0x0 malloc.o
 .mdebug.abi32  0x0000000000000000        0x0 mutex.o
 .mdebug.abi32  0x0000000000000000        0x0 panic.o
 .mdebug.abi32  0x0000000000000000        0x0 processor.o
 .mdebug.abi32  0x0000000000000000        0x0 queue.o
 .mdebug.abi32  0x0000000000000000        0x0 sched_test2.o
 .mdebug.abi32  0x0000000000000000        0x0 scheduler.o
 .mdebug.abi32  0x0000000000000000        0x0 task.o

.comment        0x0000000000000000       0x11
 .comment       0x0000000000000000       0x11 condvar.o
                                         0x12 (size before relaxing)
 .comment       0x0000000000000011       0x12 eth_enc28j60.o
 .comment       0x0000000000000011       0x12 hal.o
 .comment       0x0000000000000011       0x12 interrupt.o
 .comment       0x0000000000000011       0x12 kprintf.o
 .comment       0x0000000000000011       0x12 libc.o
 .comment       0x0000000000000011       0x12 main.o
 .comment       0x0000000000000011       0x12 malloc.o
 .comment       0x0000000000000011       0x12 mutex.o
 .comment       0x0000000000000011       0x12 panic.o
 .comment       0x0000000000000011       0x12 processor.o
 .comment       0x0000000000000011       0x12 queue.o
 .comment       0x0000000000000011       0x12 sched_test2.o
 .comment       0x0000000000000011       0x12 scheduler.o
 .comment       0x0000000000000011       0x12 task.o

.gnu.attributes
                0x0000000000000000       0x10
 .gnu.attributes
                0x0000000000000000       0x10 condvar.o
 .gnu.attributes
                0x0000000000000010       0x10 crt0.o
 .gnu.attributes
                0x0000000000000020       0x10 eth_enc28j60.o
 .gnu.attributes
                0x0000000000000030       0x10 hal.o
 .gnu.attributes
                0x0000000000000040       0x10 interrupt.o
 .gnu.attributes
                0x0000000000000050       0x10 kprintf.o
 .gnu.attributes
                0x0000000000000060       0x10 libc.o
 .gnu.attributes
                0x0000000000000070       0x10 main.o
 .gnu.attributes
                0x0000000000000080       0x10 malloc.o
 .gnu.attributes
                0x0000000000000090       0x10 mutex.o
 .gnu.attributes
                0x00000000000000a0       0x10 panic.o
 .gnu.attributes
                0x00000000000000b0       0x10 processor.o
 .gnu.attributes
                0x00000000000000c0       0x10 queue.o
 .gnu.attributes
                0x00000000000000d0       0x10 sched_test2.o
 .gnu.attributes
                0x00000000000000e0       0x10 scheduler.o
 .gnu.attributes
                0x00000000000000f0       0x10 task.o

.pdr            0x0000000000000000        0x0
 .pdr           0x0000000000000000        0x0 eth_enc28j60.o

.scommon        0x0000000000000000        0x0
 .scommon       0x0000000000000000        0x0 hal.o
 .scommon       0x0000000000000000        0x0 interrupt.o
 .scommon       0x0000000000000000        0x0 libc.o
 .scommon       0x0000000000000000        0x0 main.o
 .scommon       0x0000000000000000        0x0 malloc.o
 .scommon       0x0000000000000000        0x0 panic.o
 .scommon       0x0000000000000000        0x0 processor.o
 .scommon       0x0000000000000000        0x0 queue.o
 .scommon       0x0000000000000000        0x0 sched_test2.o
 .scommon       0x0000000000000000        0x0 scheduler.o
 .scommon       0x0000000000000000        0x0 task.o
